2026-10-06 06:27:29,119 - INFO - ============================================================
2026-10-06 06:27:29,119 - INFO - Clash/V2Ray 节点深度清洗聚合测速工具 v2.3
2026-10-06 06:27:29,119 - INFO - 流程: 深度清洗去重 → 延迟初筛 → 真连接Google严格校验(×2) → Scholar学术验证
2026-10-06 06:27:29,119 - INFO - ============================================================
2026-10-06 06:27:29,119 - INFO - 检查基础网络环境...
2026-10-06 06:27:29,204 - WARNING - 【特别警告】检测到当前测试机【在未挂代理下可直连 Google】！
2026-10-06 06:27:29,204 - WARNING - 请注意：在 GitHub Actions / 境外 VPS 环境下测出的节点缺少 GFW 过滤。
2026-10-06 06:27:29,204 - WARNING - 脚本将自动启用最严格的两轮淘汰和 Scholar 纯净度校验，最大程度保障可用性。
2026-10-06 06:27:31,206 - INFO - 读取到 103 个订阅源，正在抓取内容...
2026-10-06 06:27:31,516 - ERROR - 获取订阅失败 [https://raw.githubusercontent.com/snakem]: 404 Client Error: Not Found for url: https://raw.githubusercontent.com/snakem982/proxypool/main/source/clash-meta.yaml
2026-10-06 06:27:31,532 - ERROR - 获取订阅失败 [https://raw.githubusercontent.com/vveg26]: 404 Client Error: Not Found for url: https://raw.githubusercontent.com/vveg26/chromego_merge/main/sub/merged_proxies.yaml
2026-10-06 06:27:31,556 - ERROR - 获取订阅失败 [https://raw.githubusercontent.com/aibobo]: 404 Client Error: Not Found for url: https://raw.githubusercontent.com/aiboboxx/clashfree/main/clash.yml
2026-10-06 06:27:31,575 - ERROR - 获取订阅失败 [https://raw.githubusercontent.com/MrMohe]: 404 Client Error: Not Found for url: https://raw.githubusercontent.com/MrMohebi/xray-proxy-grabber-telegram/master/collected-proxies/clash-meta/all.yaml
2026-10-06 06:27:31,642 - ERROR - 获取订阅失败 [https://raw.githubusercontent.com/rxswee]: 404 Client Error: Not Found for url: https://raw.githubusercontent.com/rxsweet/proxies/main/sub/sources/dynamicAll.yaml
2026-10-06 06:27:31,655 - ERROR - 获取订阅失败 [https://raw.githubusercontent.com/rxswee]: 404 Client Error: Not Found for url: https://raw.githubusercontent.com/rxsweet/proxies/main/sub/free.yaml
2026-10-06 06:27:31,679 - ERROR - 获取订阅失败 [https://raw.githubusercontent.com/rxswee]: 404 Client Error: Not Found for url: https://raw.githubusercontent.com/rxsweet/proxies/main/sub/rx.yaml
2026-10-06 06:27:31,912 - ERROR - 获取订阅失败 [https://raw.githubusercontent.com/Leon40]: 404 Client Error: Not Found for url: https://raw.githubusercontent.com/Leon406/SubCrawler/main/sub/share/all4
2026-10-06 06:27:31,915 - ERROR - 获取订阅失败 [https://raw.githubusercontent.com/barry-]: 404 Client Error: Not Found for url: https://raw.githubusercontent.com/barry-far/V2ray-Configs/main/Splitted-By-Protocol/hysteria2.txt
2026-10-06 06:27:31,926 - ERROR - 获取订阅失败 [https://raw.githubusercontent.com/barry-]: 404 Client Error: Not Found for url: https://raw.githubusercontent.com/barry-far/V2ray-Configs/main/Splitted-By-Protocol/vless.txt
2026-10-06 06:27:31,942 - ERROR - 获取订阅失败 [https://raw.githubusercontent.com/yebekh]: 404 Client Error: Not Found for url: https://raw.githubusercontent.com/yebekhe/TelegramV2rayCollector/main/sub/normal/reality
2026-10-06 06:27:31,943 - ERROR - 获取订阅失败 [https://raw.githubusercontent.com/barry-]: 404 Client Error: Not Found for url: https://raw.githubusercontent.com/barry-far/V2ray-Configs/main/Splitted-By-Protocol/vmess.txt
2026-10-06 06:27:31,953 - ERROR - 获取订阅失败 [https://raw.githubusercontent.com/barry-]: 404 Client Error: Not Found for url: https://raw.githubusercontent.com/barry-far/V2ray-Configs/main/Splitted-By-Protocol/trojan.txt
2026-10-06 06:27:31,958 - ERROR - 获取订阅失败 [https://raw.githubusercontent.com/barry-]: 404 Client Error: Not Found for url: https://raw.githubusercontent.com/barry-far/V2ray-Configs/main/Splitted-By-Protocol/ss.txt
2026-10-06 06:27:31,994 - ERROR - 获取订阅失败 [https://raw.githubusercontent.com/yebekh]: 404 Client Error: Not Found for url: https://raw.githubusercontent.com/yebekhe/TelegramV2rayCollector/main/sub/normal/hysteria2
2026-10-06 06:27:32,001 - ERROR - 获取订阅失败 [https://raw.githubusercontent.com/yebekh]: 404 Client Error: Not Found for url: https://raw.githubusercontent.com/yebekhe/TelegramV2rayCollector/main/sub/normal/vmess
2026-10-06 06:27:32,014 - ERROR - 获取订阅失败 [https://raw.githubusercontent.com/yebekh]: 404 Client Error: Not Found for url: https://raw.githubusercontent.com/yebekhe/TelegramV2rayCollector/main/sub/normal/vless
2026-10-06 06:27:32,041 - ERROR - 获取订阅失败 [https://raw.githubusercontent.com/yebekh]: 404 Client Error: Not Found for url: https://raw.githubusercontent.com/yebekhe/TelegramV2rayCollector/main/sub/normal/tuic
2026-10-06 06:27:32,050 - ERROR - 获取订阅失败 [https://raw.githubusercontent.com/barry-]: 404 Client Error: Not Found for url: https://raw.githubusercontent.com/barry-far/V2ray-Configs/main/All_Configs_Sub.txt
2026-10-06 06:27:32,054 - ERROR - 获取订阅失败 [https://raw.githubusercontent.com/yebekh]: 404 Client Error: Not Found for url: https://raw.githubusercontent.com/yebekhe/TelegramV2rayCollector/main/sub/normal/donated
2026-10-06 06:27:32,202 - ERROR - 获取订阅失败 [https://raw.githubusercontent.com/MatinG]: 404 Client Error: Not Found for url: https://raw.githubusercontent.com/MatinGhanbari/v2ray-configs/main/subscriptions/filtered/subs/hy2.txt
2026-10-06 06:27:32,246 - ERROR - 获取订阅失败 [https://raw.githubusercontent.com/MrMohe]: 404 Client Error: Not Found for url: https://raw.githubusercontent.com/MrMohebi/xray-proxy-grabber-telegram/master/collected-proxies/row-url/actives.txt
2026-10-06 06:27:32,273 - ERROR - 获取订阅失败 [https://raw.githubusercontent.com/aibobo]: 404 Client Error: Not Found for url: https://raw.githubusercontent.com/aiboboxx/v2rayfree/main/v2
2026-10-06 06:27:32,277 - ERROR - 获取订阅失败 [https://raw.githubusercontent.com/MrMohe]: 404 Client Error: Not Found for url: https://raw.githubusercontent.com/MrMohebi/xray-proxy-grabber-telegram/master/collected-proxies/row-url/all.txt
2026-10-06 06:27:32,405 - ERROR - 获取订阅失败 [https://raw.githubusercontent.com/snakem]: 404 Client Error: Not Found for url: https://raw.githubusercontent.com/snakem982/proxypool/main/source/v2ray.txt
2026-10-06 06:27:32,430 - ERROR - 获取订阅失败 [https://raw.githubusercontent.com/snakem]: 404 Client Error: Not Found for url: https://raw.githubusercontent.com/snakem982/proxypool/main/nodelist.txt
2026-10-06 06:27:32,682 - ERROR - 获取订阅失败 [https://raw.githubusercontent.com/gfpcom]: 404 Client Error: Not Found for url: https://raw.githubusercontent.com/gfpcom/free-proxy-list/main/list/vless.txt
2026-10-06 06:27:32,724 - ERROR - 获取订阅失败 [https://raw.githubusercontent.com/gfpcom]: 404 Client Error: Not Found for url: https://raw.githubusercontent.com/gfpcom/free-proxy-list/main/list/vmess.txt
2026-10-06 06:27:32,747 - ERROR - 获取订阅失败 [https://raw.githubusercontent.com/gfpcom]: 404 Client Error: Not Found for url: https://raw.githubusercontent.com/gfpcom/free-proxy-list/main/list/trojan.txt
2026-10-06 06:27:32,748 - ERROR - 获取订阅失败 [https://raw.githubusercontent.com/gfpcom]: 404 Client Error: Not Found for url: https://raw.githubusercontent.com/gfpcom/free-proxy-list/main/list/ss.txt
2026-10-06 06:27:32,878 - ERROR - 获取订阅失败 [https://sub.pmsub.me/clash.yaml]: ('Connection aborted.', RemoteDisconnected('Remote end closed connection without response'))
2026-10-06 06:27:32,890 - ERROR - 获取订阅失败 [https://sub.pmsub.me/base64]: ('Connection aborted.', RemoteDisconnected('Remote end closed connection without response'))
2026-10-06 06:27:38,563 - INFO -   └─ 60 个节点 (https://raw.githubusercontent.com/snakem982/proxyp...)
2026-10-06 06:27:38,623 - INFO -   └─ 88 个节点 (https://raw.githubusercontent.com/shaoyouvip/free/...)
2026-10-06 06:27:38,856 - INFO -   └─ 62 个节点 (https://raw.githubusercontent.com/Barabama/FreeNod...)
2026-10-06 06:27:38,956 - INFO -   └─ 109 个节点 (https://raw.githubusercontent.com/Shayanthn/V2ray-...)
2026-10-06 06:27:39,151 - INFO -   └─ 141 个节点 (https://raw.githubusercontent.com/Misaka-blog/chro...)
2026-10-06 06:27:39,337 - INFO -   └─ 12 个节点 (https://raw.githubusercontent.com/Barabama/FreeNod...)
2026-10-06 06:27:39,681 - INFO -   └─ 23 个节点 (https://raw.githubusercontent.com/Barabama/FreeNod...)
2026-10-06 06:27:40,383 - INFO -   └─ 242 个节点 (https://raw.githubusercontent.com/peasoft/NoMoreWa...)
2026-10-06 06:27:41,827 - INFO -   └─ 1561 个节点 (https://raw.githubusercontent.com/anaer/Sub/main/c...)
2026-10-06 06:27:42,007 - INFO -   └─ 32 个节点 (https://raw.githubusercontent.com/Barabama/FreeNod...)
2026-10-06 06:27:43,542 - INFO -   └─ 16 个节点 (https://raw.githubusercontent.com/PuddinCat/BestCl...)
2026-10-06 06:27:43,881 - INFO -   └─ 174 个节点 (https://raw.githubusercontent.com/ts-sf/fly/main/c...)
2026-10-06 06:27:43,883 - INFO -   └─ 10 个节点 (https://raw.githubusercontent.com/Leon406/SubCrawl...)
2026-10-06 06:27:43,947 - INFO -   └─ 224 个节点 (https://raw.githubusercontent.com/Leon406/SubCrawl...)
2026-10-06 06:27:43,976 - INFO -   └─ 12 个节点 (https://raw.githubusercontent.com/ermaozi01/free_c...)
2026-10-06 06:27:44,486 - INFO -   └─ 80 个节点 (https://raw.githubusercontent.com/ermaozi/get_subs...)
2026-10-06 06:27:45,017 - INFO -   └─ 37 个节点 (https://raw.githubusercontent.com/NiREvil/vless/ma...)
2026-10-06 06:27:45,053 - INFO -   └─ 290 个节点 (https://raw.githubusercontent.com/MhdiTaheri/V2ray...)
2026-10-06 06:27:45,055 - INFO -   └─ 4 个节点 (https://raw.githubusercontent.com/Pawdroid/Free-se...)
2026-10-06 06:27:45,101 - INFO -   └─ 156 个节点 (https://raw.githubusercontent.com/MatinGhanbari/v2...)
2026-10-06 06:27:45,119 - INFO -   └─ 24 个节点 (https://raw.githubusercontent.com/MhdiTaheri/V2ray...)
2026-10-06 06:27:45,149 - INFO -   └─ 311 个节点 (https://raw.githubusercontent.com/MatinGhanbari/v2...)
2026-10-06 06:27:45,207 - INFO -   └─ 115 个节点 (https://raw.githubusercontent.com/MhdiTaheri/V2ray...)
2026-10-06 06:27:45,222 - INFO -   └─ 82 个节点 (https://raw.githubusercontent.com/resasanian/Mirza...)
2026-10-06 06:27:45,271 - INFO -   └─ 44 个节点 (https://raw.githubusercontent.com/resasanian/Mirza...)
2026-10-06 06:27:45,752 - INFO -   └─ 16 个节点 (https://raw.githubusercontent.com/zhlx2835/freefq/...)
2026-10-06 06:27:46,272 - INFO -   └─ 1107 个节点 (https://raw.githubusercontent.com/MatinGhanbari/v2...)
2026-10-06 06:27:46,285 - INFO -   └─ 9 个节点 (https://raw.githubusercontent.com/freefq/free/mast...)
2026-10-06 06:27:46,344 - INFO -   └─ 105 个节点 (https://raw.githubusercontent.com/ermaozi/get_subs...)
2026-10-06 06:27:46,369 - INFO -   └─ 96 个节点 (https://raw.githubusercontent.com/resasanian/Mirza...)
2026-10-06 06:27:48,371 - INFO -   └─ 8159 个节点 (https://raw.githubusercontent.com/Leon406/SubCrawl...)
2026-10-06 06:27:48,409 - INFO -   └─ 1 个节点 (https://raw.githubusercontent.com/ts-sf/fly/main/v...)
2026-10-06 06:27:48,420 - INFO -   └─ 2 个节点 (https://raw.githubusercontent.com/Surfboardv2ray/T...)
2026-10-06 06:27:48,467 - INFO -   └─ 56 个节点 (https://raw.githubusercontent.com/free18/v2ray/mai...)
2026-10-06 06:27:48,485 - INFO -   └─ 4 个节点 (https://raw.githubusercontent.com/roosterkid/openp...)
2026-10-06 06:27:48,486 - INFO -   └─ 2 个节点 (https://raw.githubusercontent.com/dream4network/te...)
2026-10-06 06:27:48,496 - INFO -   └─ 16 个节点 (https://raw.githubusercontent.com/Maskkost93/kizya...)
2026-10-06 06:27:48,583 - INFO -   └─ 69 个节点 (https://raw.githubusercontent.com/mahdibland/V2Ray...)
2026-10-06 06:27:49,767 - INFO -   └─ 1478 个节点 (https://raw.githubusercontent.com/mheidari98/.prox...)
2026-10-06 06:27:51,475 - INFO -   └─ 3105 个节点 (https://raw.githubusercontent.com/mheidari98/.prox...)
2026-10-06 06:27:52,211 - INFO -   └─ 1990 个节点 (https://raw.githubusercontent.com/mahdibland/V2Ray...)
2026-10-06 06:27:52,509 - INFO -   └─ 2260 个节点 (https://raw.githubusercontent.com/0xRadikal/Free-v...)
2026-10-06 06:27:55,829 - INFO -   └─ 2281 个节点 (https://raw.githubusercontent.com/mheidari98/.prox...)
2026-10-06 06:27:56,020 - INFO -   └─ 3 个节点 (https://github.com/Delta-Kronecker/V2ray-Config/ra...)
2026-10-06 06:27:56,084 - INFO - 订阅抓取合并完成: 共提取到 24668 个节点
2026-10-06 06:27:56,086 - INFO - 
============================================================
2026-10-06 06:27:56,086 - INFO - [前置过滤] 开始深度清洗去重 (原始抓取节点总数: 24668)
2026-10-06 06:27:56,086 - INFO - ============================================================
2026-10-06 06:27:56,317 - INFO - 1. 广告与垃圾过滤: 剔除 302 个，保留有效节点 24366
2026-10-06 06:27:56,334 - INFO - 2. IP+端口去重: 剔除重复 23 个，剩余 24343
2026-10-06 06:27:56,363 - INFO - 3. CDN 优选 IP 收敛: 压缩同质化节点 5096 个，保留代表 11756
2026-10-06 06:27:56,373 - INFO - 4. 单 IP 端口轰炸收敛: 剩余 17095 个节点
2026-10-06 06:27:56,373 - INFO - ✓ 预处理完成！最终送测候选节点数: 17095

2026-10-06 06:27:56,376 - INFO - 
============================================================
2026-10-06 06:27:56,376 - INFO - [阶段1/3] 延迟初筛 (17095 个候选节点)
2026-10-06 06:27:56,376 - INFO - ============================================================
2026-10-06 06:52:08,512 - INFO - ✓ 阶段1完成: 1500/17095 节点通过初筛
2026-10-06 06:52:08,524 - INFO - 
============================================================
2026-10-06 06:52:08,524 - INFO - [阶段1.5/3] 真连接 Google 严苛测试 第1轮 (1500 个节点)
2026-10-06 06:52:08,525 - INFO -   目标: https://www.google.com/generate_204 (严禁跳转重定向)
2026-10-06 06:52:08,525 - INFO - ============================================================
2026-10-06 06:52:59,763 - INFO - ✓ 第1轮完成: 361/1500 个节点真实可用
2026-10-06 06:52:59,765 - INFO - 
============================================================
2026-10-06 06:52:59,765 - INFO - [阶段1.7/3] 真连接 Google 严苛测试 第2轮 (361 个节点)
2026-10-06 06:52:59,765 - INFO -   目标: https://www.google.com/generate_204 (严禁跳转重定向)
2026-10-06 06:52:59,765 - INFO - ============================================================
2026-10-06 06:53:29,470 - INFO - ✓ 第2轮完成: 295/361 个节点真实可用
2026-10-06 06:53:29,470 - INFO - 生成 Clash 配置: 295 节点 → sub.yaml
2026-10-06 06:53:29,577 - INFO - ✓ 已写入: sub.yaml
2026-10-06 06:53:29,577 - INFO - 生成 V2Ray Base64 订阅: 295 节点 → sub_v2ray_base64.txt
2026-10-06 06:53:29,580 - INFO - ✓ 写入完成: sub_v2ray_base64.txt | 明文: sub_v2ray_base64_plain.txt (295 个节点)
2026-10-06 06:53:29,580 - INFO - 
============================================================
2026-10-06 06:53:29,580 - INFO - [阶段2/3] Google Scholar 学术访问验证 (295 个节点)
2026-10-06 06:53:29,580 - INFO - ============================================================
2026-10-06 06:53:59,477 - INFO - ✓ 阶段2完成: 0 个节点通过学术验证
2026-10-06 06:53:59,477 - WARNING - 未检测到可通过 Google Scholar 验证的纯净节点
2026-10-06 06:53:59,477 - INFO - 生成 Clash 配置: 0 节点 → sub_scholar.yaml
2026-10-06 06:53:59,479 - INFO - ✓ 已写入: sub_scholar.yaml
